[job-start] mode=post_only device=cuda:0 videos=233/69/72 patients=99/32/32 frames=4660/1380/1440 train_inputs=13980 parameters=4097981 head_trainable=90433
[stage-start] stage=head lr=2.0e-04
[epoch] stage=head 001/30 train_loss=0.08574 train_MAE=0.0758 train_R2=0.7122 val_MAE=0.1538 val_RMSE=0.1902 val_R2=0.1213 val_r=0.3777 throughput=1653.5/s mem=0.42GiB patience=0/8*
[epoch] stage=head 002/30 train_loss=0.04193 train_MAE=0.0479 train_R2=0.8932 val_MAE=0.1616 val_RMSE=0.1968 val_R2=0.0597 val_r=0.3992 throughput=1959.3/s mem=0.42GiB patience=1/8
[epoch] stage=head 003/30 train_loss=0.02766 train_MAE=0.0284 train_R2=0.9587 val_MAE=0.1512 val_RMSE=0.1896 val_R2=0.1272 val_r=0.4192 throughput=1994.9/s mem=0.42GiB patience=0/8*
[epoch] stage=head 004/30 train_loss=0.02088 train_MAE=0.0232 train_R2=0.9714 val_MAE=0.1590 val_RMSE=0.1952 val_R2=0.0749 val_r=0.3885 throughput=2017.2/s mem=0.42GiB patience=1/8
[epoch] stage=head 005/30 train_loss=0.01660 train_MAE=0.0203 train_R2=0.9799 val_MAE=0.1583 val_RMSE=0.1914 val_R2=0.1102 val_r=0.4184 throughput=2033.5/s mem=0.42GiB patience=2/8
[epoch] stage=head 006/30 train_loss=0.01428 train_MAE=0.0205 train_R2=0.9814 val_MAE=0.1587 val_RMSE=0.1957 val_R2=0.0697 val_r=0.3408 throughput=1981.5/s mem=0.42GiB patience=3/8
[epoch] stage=head 007/30 train_loss=0.01232 train_MAE=0.0156 train_R2=0.9883 val_MAE=0.1496 val_RMSE=0.1842 val_R2=0.1758 val_r=0.4325 throughput=2013.4/s mem=0.42GiB patience=0/8*
[epoch] stage=head 008/30 train_loss=0.01115 train_MAE=0.0137 train_R2=0.9917 val_MAE=0.1541 val_RMSE=0.1870 val_R2=0.1507 val_r=0.4222 throughput=2040.1/s mem=0.42GiB patience=1/8
[epoch] stage=head 009/30 train_loss=0.00974 train_MAE=0.0196 train_R2=0.9833 val_MAE=0.1513 val_RMSE=0.1871 val_R2=0.1498 val_r=0.4089 throughput=1975.2/s mem=0.42GiB patience=2/8
[epoch] stage=head 010/30 train_loss=0.00917 train_MAE=0.0129 train_R2=0.9919 val_MAE=0.1560 val_RMSE=0.1883 val_R2=0.1387 val_r=0.3911 throughput=1368.6/s mem=0.42GiB patience=3/8
[epoch] stage=head 011/30 train_loss=0.00864 train_MAE=0.0132 train_R2=0.9921 val_MAE=0.1563 val_RMSE=0.1904 val_R2=0.1198 val_r=0.3763 throughput=1278.2/s mem=0.42GiB patience=4/8
[epoch] stage=head 012/30 train_loss=0.00803 train_MAE=0.0117 train_R2=0.9939 val_MAE=0.1526 val_RMSE=0.1850 val_R2=0.1690 val_r=0.4282 throughput=1354.4/s mem=0.42GiB patience=5/8
[epoch] stage=head 013/30 train_loss=0.00743 train_MAE=0.0089 train_R2=0.9962 val_MAE=0.1525 val_RMSE=0.1855 val_R2=0.1647 val_r=0.4266 throughput=1447.6/s mem=0.42GiB patience=6/8
[epoch] stage=head 014/30 train_loss=0.00726 train_MAE=0.0099 train_R2=0.9953 val_MAE=0.1538 val_RMSE=0.1890 val_R2=0.1325 val_r=0.3938 throughput=1506.9/s mem=0.42GiB patience=7/8
[epoch] stage=head 015/30 train_loss=0.00656 train_MAE=0.0079 train_R2=0.9970 val_MAE=0.1518 val_RMSE=0.1858 val_R2=0.1614 val_r=0.4256 throughput=2034.7/s mem=0.42GiB patience=8/8
[early-stop] stage=head
[stage-start] stage=last_stage backbone_lr=1.0e-05 head_lr=1.0e-04 trainable=1219825
[epoch] stage=last_stage 001/50 train_loss=0.09668 train_MAE=0.0994 train_R2=0.5763 val_MAE=0.1565 val_RMSE=0.1883 val_R2=0.1388 val_r=0.4314 throughput=1582.2/s mem=0.44GiB patience=0/10*
[epoch] stage=last_stage 002/50 train_loss=0.06841 train_MAE=0.0681 train_R2=0.7727 val_MAE=0.1692 val_RMSE=0.1996 val_R2=0.0328 val_r=0.3221 throughput=1598.3/s mem=0.44GiB patience=1/10
[epoch] stage=last_stage 003/50 train_loss=0.05414 train_MAE=0.0553 train_R2=0.8505 val_MAE=0.1618 val_RMSE=0.1967 val_R2=0.0604 val_r=0.3781 throughput=1557.0/s mem=0.44GiB patience=2/10
[epoch] stage=last_stage 004/50 train_loss=0.04541 train_MAE=0.0454 train_R2=0.8956 val_MAE=0.1562 val_RMSE=0.1905 val_R2=0.1189 val_r=0.3959 throughput=1549.3/s mem=0.44GiB patience=0/10*
[epoch] stage=last_stage 005/50 train_loss=0.03934 train_MAE=0.0368 train_R2=0.9276 val_MAE=0.1572 val_RMSE=0.1891 val_R2=0.1319 val_r=0.4163 throughput=1548.3/s mem=0.44GiB patience=1/10
[epoch] stage=last_stage 006/50 train_loss=0.03506 train_MAE=0.0340 train_R2=0.9374 val_MAE=0.1573 val_RMSE=0.1872 val_R2=0.1495 val_r=0.4106 throughput=1546.0/s mem=0.44GiB patience=2/10
[epoch] stage=last_stage 007/50 train_loss=0.03230 train_MAE=0.0297 train_R2=0.9528 val_MAE=0.1506 val_RMSE=0.1809 val_R2=0.2051 val_r=0.4643 throughput=1586.6/s mem=0.44GiB patience=0/10*
[epoch] stage=last_stage 008/50 train_loss=0.02823 train_MAE=0.0285 train_R2=0.9570 val_MAE=0.1503 val_RMSE=0.1818 val_R2=0.1978 val_r=0.4565 throughput=1559.7/s mem=0.44GiB patience=0/10*
[epoch] stage=last_stage 009/50 train_loss=0.02624 train_MAE=0.0250 train_R2=0.9692 val_MAE=0.1546 val_RMSE=0.1851 val_R2=0.1677 val_r=0.4450 throughput=1185.3/s mem=0.44GiB patience=1/10
[epoch] stage=last_stage 010/50 train_loss=0.02511 train_MAE=0.0232 train_R2=0.9742 val_MAE=0.1528 val_RMSE=0.1846 val_R2=0.1723 val_r=0.4605 throughput=1027.4/s mem=0.44GiB patience=2/10
[epoch] stage=last_stage 011/50 train_loss=0.02314 train_MAE=0.0234 train_R2=0.9741 val_MAE=0.1519 val_RMSE=0.1812 val_R2=0.2024 val_r=0.4871 throughput=923.1/s mem=0.44GiB patience=3/10
[epoch] stage=last_stage 012/50 train_loss=0.02157 train_MAE=0.0204 train_R2=0.9789 val_MAE=0.1533 val_RMSE=0.1832 val_R2=0.1847 val_r=0.4388 throughput=1042.2/s mem=0.44GiB patience=4/10
[epoch] stage=last_stage 013/50 train_loss=0.02019 train_MAE=0.0194 train_R2=0.9829 val_MAE=0.1527 val_RMSE=0.1821 val_R2=0.1946 val_r=0.4677 throughput=1559.4/s mem=0.44GiB patience=5/10
[epoch] stage=last_stage 014/50 train_loss=0.01966 train_MAE=0.0191 train_R2=0.9822 val_MAE=0.1536 val_RMSE=0.1839 val_R2=0.1789 val_r=0.4408 throughput=1534.3/s mem=0.44GiB patience=6/10
[epoch] stage=last_stage 015/50 train_loss=0.01832 train_MAE=0.0184 train_R2=0.9845 val_MAE=0.1481 val_RMSE=0.1789 val_R2=0.2228 val_r=0.4812 throughput=1536.7/s mem=0.44GiB patience=0/10*
[epoch] stage=last_stage 016/50 train_loss=0.01785 train_MAE=0.0167 train_R2=0.9872 val_MAE=0.1518 val_RMSE=0.1809 val_R2=0.2057 val_r=0.4857 throughput=1589.8/s mem=0.44GiB patience=1/10
[epoch] stage=last_stage 017/50 train_loss=0.01726 train_MAE=0.0167 train_R2=0.9872 val_MAE=0.1502 val_RMSE=0.1814 val_R2=0.2013 val_r=0.4846 throughput=1636.9/s mem=0.44GiB patience=2/10
[epoch] stage=last_stage 018/50 train_loss=0.01645 train_MAE=0.0147 train_R2=0.9894 val_MAE=0.1484 val_RMSE=0.1788 val_R2=0.2236 val_r=0.4827 throughput=1633.9/s mem=0.44GiB patience=3/10
[epoch] stage=last_stage 019/50 train_loss=0.01570 train_MAE=0.0166 train_R2=0.9881 val_MAE=0.1497 val_RMSE=0.1802 val_R2=0.2112 val_r=0.4672 throughput=1576.3/s mem=0.44GiB patience=4/10
[epoch] stage=last_stage 020/50 train_loss=0.01523 train_MAE=0.0153 train_R2=0.9891 val_MAE=0.1486 val_RMSE=0.1786 val_R2=0.2255 val_r=0.4988 throughput=1565.0/s mem=0.44GiB patience=5/10
[epoch] stage=last_stage 021/50 train_loss=0.01538 train_MAE=0.0146 train_R2=0.9901 val_MAE=0.1531 val_RMSE=0.1827 val_R2=0.1896 val_r=0.4734 throughput=1604.4/s mem=0.44GiB patience=6/10
[epoch] stage=last_stage 022/50 train_loss=0.01452 train_MAE=0.0167 train_R2=0.9878 val_MAE=0.1536 val_RMSE=0.1820 val_R2=0.1954 val_r=0.4860 throughput=1044.0/s mem=0.44GiB patience=7/10
[epoch] stage=last_stage 023/50 train_loss=0.01455 train_MAE=0.0152 train_R2=0.9901 val_MAE=0.1497 val_RMSE=0.1801 val_R2=0.2123 val_r=0.4850 throughput=983.3/s mem=0.44GiB patience=8/10
[epoch] stage=last_stage 024/50 train_loss=0.01354 train_MAE=0.0144 train_R2=0.9909 val_MAE=0.1496 val_RMSE=0.1780 val_R2=0.2310 val_r=0.5050 throughput=1189.3/s mem=0.44GiB patience=9/10
[epoch] stage=last_stage 025/50 train_loss=0.01313 train_MAE=0.0123 train_R2=0.9929 val_MAE=0.1490 val_RMSE=0.1777 val_R2=0.2331 val_r=0.4932 throughput=1228.6/s mem=0.44GiB patience=10/10
[early-stop] stage=last_stage
[job-complete] mode=post_only selected=last_stage test_MAE=0.1309 test_R2=0.1856 test_r=0.4736
