[job-start] mode=post_only device=cuda:0 videos=233/69/72 patients=99/32/32 frames=4660/1380/1440 train_inputs=13980 parameters=4097981 head_trainable=90433
[stage-start] stage=head lr=2.0e-04
[job-start] mode=pre_only device=cuda:1 videos=233/69/72 patients=99/32/32 frames=4660/1380/1440 train_inputs=13980 parameters=4097981 head_trainable=90433
[stage-start] stage=head lr=2.0e-04
[epoch] stage=head 001/30 train_loss=0.08507 train_MAE=0.1021 train_R2=0.5218 val_MAE=0.1796 val_RMSE=0.2118 val_R2=-0.0898 val_r=0.1824 throughput=1688.0/s mem=0.42GiB patience=0/8*
[epoch] stage=head 001/30 train_loss=0.08574 train_MAE=0.0758 train_R2=0.7122 val_MAE=0.1538 val_RMSE=0.1902 val_R2=0.1213 val_r=0.3777 throughput=1653.5/s mem=0.42GiB patience=0/8*
[epoch] stage=head 002/30 train_loss=0.05502 train_MAE=0.0889 train_R2=0.6088 val_MAE=0.1795 val_RMSE=0.2123 val_R2=-0.0944 val_r=0.1077 throughput=2063.3/s mem=0.42GiB patience=0/8*
[epoch] stage=head 002/30 train_loss=0.04193 train_MAE=0.0479 train_R2=0.8932 val_MAE=0.1616 val_RMSE=0.1968 val_R2=0.0597 val_r=0.3992 throughput=1959.3/s mem=0.42GiB patience=1/8
[epoch] stage=head 003/30 train_loss=0.04907 train_MAE=0.0862 train_R2=0.6075 val_MAE=0.1750 val_RMSE=0.2104 val_R2=-0.0753 val_r=0.1478 throughput=2092.8/s mem=0.42GiB patience=0/8*
[epoch] stage=head 003/30 train_loss=0.02766 train_MAE=0.0284 train_R2=0.9587 val_MAE=0.1512 val_RMSE=0.1896 val_R2=0.1272 val_r=0.4192 throughput=1994.9/s mem=0.42GiB patience=0/8*
[epoch] stage=head 004/30 train_loss=0.04491 train_MAE=0.0868 train_R2=0.6130 val_MAE=0.1768 val_RMSE=0.2137 val_R2=-0.1090 val_r=0.1625 throughput=2083.6/s mem=0.42GiB patience=1/8
[epoch] stage=head 004/30 train_loss=0.02088 train_MAE=0.0232 train_R2=0.9714 val_MAE=0.1590 val_RMSE=0.1952 val_R2=0.0749 val_r=0.3885 throughput=2017.2/s mem=0.42GiB patience=1/8
[epoch] stage=head 005/30 train_loss=0.04350 train_MAE=0.0849 train_R2=0.6139 val_MAE=0.1771 val_RMSE=0.2119 val_R2=-0.0905 val_r=0.1478 throughput=2100.0/s mem=0.42GiB patience=2/8
[epoch] stage=head 005/30 train_loss=0.01660 train_MAE=0.0203 train_R2=0.9799 val_MAE=0.1583 val_RMSE=0.1914 val_R2=0.1102 val_r=0.4184 throughput=2033.5/s mem=0.42GiB patience=2/8
[epoch] stage=head 006/30 train_loss=0.04181 train_MAE=0.0838 train_R2=0.6158 val_MAE=0.1797 val_RMSE=0.2146 val_R2=-0.1187 val_r=0.1624 throughput=2052.1/s mem=0.42GiB patience=3/8
[epoch] stage=head 006/30 train_loss=0.01428 train_MAE=0.0205 train_R2=0.9814 val_MAE=0.1587 val_RMSE=0.1957 val_R2=0.0697 val_r=0.3408 throughput=1981.5/s mem=0.42GiB patience=3/8
[epoch] stage=head 007/30 train_loss=0.04085 train_MAE=0.0828 train_R2=0.6244 val_MAE=0.1750 val_RMSE=0.2090 val_R2=-0.0602 val_r=0.1104 throughput=2142.1/s mem=0.42GiB patience=4/8
[epoch] stage=head 007/30 train_loss=0.01232 train_MAE=0.0156 train_R2=0.9883 val_MAE=0.1496 val_RMSE=0.1842 val_R2=0.1758 val_r=0.4325 throughput=2013.4/s mem=0.42GiB patience=0/8*
[epoch] stage=head 008/30 train_loss=0.04109 train_MAE=0.0828 train_R2=0.6177 val_MAE=0.1734 val_RMSE=0.2107 val_R2=-0.0784 val_r=0.1385 throughput=2111.8/s mem=0.42GiB patience=0/8*
[epoch] stage=head 008/30 train_loss=0.01115 train_MAE=0.0137 train_R2=0.9917 val_MAE=0.1541 val_RMSE=0.1870 val_R2=0.1507 val_r=0.4222 throughput=2040.1/s mem=0.42GiB patience=1/8
[epoch] stage=head 009/30 train_loss=0.03967 train_MAE=0.0819 train_R2=0.6239 val_MAE=0.1775 val_RMSE=0.2145 val_R2=-0.1170 val_r=0.0955 throughput=2087.7/s mem=0.42GiB patience=1/8
[epoch] stage=head 009/30 train_loss=0.00974 train_MAE=0.0196 train_R2=0.9833 val_MAE=0.1513 val_RMSE=0.1871 val_R2=0.1498 val_r=0.4089 throughput=1975.2/s mem=0.42GiB patience=2/8
[epoch] stage=head 010/30 train_loss=0.03938 train_MAE=0.0822 train_R2=0.6205 val_MAE=0.1725 val_RMSE=0.2091 val_R2=-0.0612 val_r=0.1560 throughput=1837.0/s mem=0.42GiB patience=0/8*
[epoch] stage=head 010/30 train_loss=0.00917 train_MAE=0.0129 train_R2=0.9919 val_MAE=0.1560 val_RMSE=0.1883 val_R2=0.1387 val_r=0.3911 throughput=1368.6/s mem=0.42GiB patience=3/8
[epoch] stage=head 011/30 train_loss=0.03882 train_MAE=0.0827 train_R2=0.6193 val_MAE=0.1824 val_RMSE=0.2174 val_R2=-0.1474 val_r=0.0796 throughput=1363.8/s mem=0.42GiB patience=1/8
[epoch] stage=head 011/30 train_loss=0.00864 train_MAE=0.0132 train_R2=0.9921 val_MAE=0.1563 val_RMSE=0.1904 val_R2=0.1198 val_r=0.3763 throughput=1278.2/s mem=0.42GiB patience=4/8
[epoch] stage=head 012/30 train_loss=0.03896 train_MAE=0.0831 train_R2=0.6178 val_MAE=0.1763 val_RMSE=0.2116 val_R2=-0.0868 val_r=0.1414 throughput=1252.9/s mem=0.42GiB patience=2/8
[epoch] stage=head 012/30 train_loss=0.00803 train_MAE=0.0117 train_R2=0.9939 val_MAE=0.1526 val_RMSE=0.1850 val_R2=0.1690 val_r=0.4282 throughput=1354.4/s mem=0.42GiB patience=5/8
[epoch] stage=head 013/30 train_loss=0.03877 train_MAE=0.0819 train_R2=0.6241 val_MAE=0.1745 val_RMSE=0.2121 val_R2=-0.0922 val_r=0.1140 throughput=1313.2/s mem=0.42GiB patience=3/8
[epoch] stage=head 013/30 train_loss=0.00743 train_MAE=0.0089 train_R2=0.9962 val_MAE=0.1525 val_RMSE=0.1855 val_R2=0.1647 val_r=0.4266 throughput=1447.6/s mem=0.42GiB patience=6/8
[epoch] stage=head 014/30 train_loss=0.03848 train_MAE=0.0825 train_R2=0.6221 val_MAE=0.1781 val_RMSE=0.2124 val_R2=-0.0959 val_r=0.1351 throughput=1795.0/s mem=0.42GiB patience=4/8
[epoch] stage=head 015/30 train_loss=0.03803 train_MAE=0.0829 train_R2=0.6244 val_MAE=0.1789 val_RMSE=0.2148 val_R2=-0.1199 val_r=0.0968 throughput=1796.1/s mem=0.42GiB patience=5/8
[epoch] stage=head 014/30 train_loss=0.00726 train_MAE=0.0099 train_R2=0.9953 val_MAE=0.1538 val_RMSE=0.1890 val_R2=0.1325 val_r=0.3938 throughput=1506.9/s mem=0.42GiB patience=7/8
[epoch] stage=head 016/30 train_loss=0.03806 train_MAE=0.0824 train_R2=0.6282 val_MAE=0.1743 val_RMSE=0.2097 val_R2=-0.0683 val_r=0.1478 throughput=2182.3/s mem=0.42GiB patience=6/8
[epoch] stage=head 015/30 train_loss=0.00656 train_MAE=0.0079 train_R2=0.9970 val_MAE=0.1518 val_RMSE=0.1858 val_R2=0.1614 val_r=0.4256 throughput=2034.7/s mem=0.42GiB patience=8/8
[early-stop] stage=head
[stage-start] stage=last_stage backbone_lr=1.0e-05 head_lr=1.0e-04 trainable=1219825
[epoch] stage=head 017/30 train_loss=0.03791 train_MAE=0.0815 train_R2=0.6280 val_MAE=0.1775 val_RMSE=0.2139 val_R2=-0.1113 val_r=0.1206 throughput=2136.2/s mem=0.42GiB patience=7/8
[epoch] stage=last_stage 001/50 train_loss=0.09668 train_MAE=0.0994 train_R2=0.5763 val_MAE=0.1565 val_RMSE=0.1883 val_R2=0.1388 val_r=0.4314 throughput=1582.2/s mem=0.44GiB patience=0/10*
[epoch] stage=head 018/30 train_loss=0.03738 train_MAE=0.0818 train_R2=0.6264 val_MAE=0.1771 val_RMSE=0.2142 val_R2=-0.1144 val_r=0.1274 throughput=2148.7/s mem=0.42GiB patience=8/8
[early-stop] stage=head
[stage-start] stage=last_stage backbone_lr=1.0e-05 head_lr=1.0e-04 trainable=1219825
[epoch] stage=last_stage 002/50 train_loss=0.06841 train_MAE=0.0681 train_R2=0.7727 val_MAE=0.1692 val_RMSE=0.1996 val_R2=0.0328 val_r=0.3221 throughput=1598.3/s mem=0.44GiB patience=1/10
[epoch] stage=last_stage 001/50 train_loss=0.10391 train_MAE=0.1125 train_R2=0.4250 val_MAE=0.1804 val_RMSE=0.2232 val_R2=-0.2101 val_r=-0.0014 throughput=1666.6/s mem=0.44GiB patience=0/10*
[epoch] stage=last_stage 003/50 train_loss=0.05414 train_MAE=0.0553 train_R2=0.8505 val_MAE=0.1618 val_RMSE=0.1967 val_R2=0.0604 val_r=0.3781 throughput=1557.0/s mem=0.44GiB patience=2/10
[epoch] stage=last_stage 002/50 train_loss=0.07706 train_MAE=0.0939 train_R2=0.5659 val_MAE=0.1870 val_RMSE=0.2285 val_R2=-0.2681 val_r=-0.0078 throughput=1634.3/s mem=0.44GiB patience=1/10
[epoch] stage=last_stage 004/50 train_loss=0.04541 train_MAE=0.0454 train_R2=0.8956 val_MAE=0.1562 val_RMSE=0.1905 val_R2=0.1189 val_r=0.3959 throughput=1549.3/s mem=0.44GiB patience=0/10*
[epoch] stage=last_stage 003/50 train_loss=0.06261 train_MAE=0.0869 train_R2=0.6032 val_MAE=0.1828 val_RMSE=0.2214 val_R2=-0.1904 val_r=-0.0152 throughput=1706.7/s mem=0.44GiB patience=2/10
[epoch] stage=last_stage 005/50 train_loss=0.03934 train_MAE=0.0368 train_R2=0.9276 val_MAE=0.1572 val_RMSE=0.1891 val_R2=0.1319 val_r=0.4163 throughput=1548.3/s mem=0.44GiB patience=1/10
[epoch] stage=last_stage 004/50 train_loss=0.05671 train_MAE=0.0847 train_R2=0.6172 val_MAE=0.1829 val_RMSE=0.2204 val_R2=-0.1797 val_r=0.0258 throughput=1617.4/s mem=0.44GiB patience=3/10
[epoch] stage=last_stage 006/50 train_loss=0.03506 train_MAE=0.0340 train_R2=0.9374 val_MAE=0.1573 val_RMSE=0.1872 val_R2=0.1495 val_r=0.4106 throughput=1546.0/s mem=0.44GiB patience=2/10
[epoch] stage=last_stage 005/50 train_loss=0.05276 train_MAE=0.0842 train_R2=0.6136 val_MAE=0.1799 val_RMSE=0.2151 val_R2=-0.1236 val_r=0.0384 throughput=1662.3/s mem=0.44GiB patience=0/10*
[epoch] stage=last_stage 007/50 train_loss=0.03230 train_MAE=0.0297 train_R2=0.9528 val_MAE=0.1506 val_RMSE=0.1809 val_R2=0.2051 val_r=0.4643 throughput=1586.6/s mem=0.44GiB patience=0/10*
[epoch] stage=last_stage 006/50 train_loss=0.05016 train_MAE=0.0844 train_R2=0.6187 val_MAE=0.1760 val_RMSE=0.2115 val_R2=-0.0864 val_r=0.0758 throughput=1682.3/s mem=0.44GiB patience=0/10*
[epoch] stage=last_stage 008/50 train_loss=0.02823 train_MAE=0.0285 train_R2=0.9570 val_MAE=0.1503 val_RMSE=0.1818 val_R2=0.1978 val_r=0.4565 throughput=1559.7/s mem=0.44GiB patience=0/10*
[epoch] stage=last_stage 007/50 train_loss=0.04887 train_MAE=0.0831 train_R2=0.6190 val_MAE=0.1782 val_RMSE=0.2153 val_R2=-0.1257 val_r=0.0644 throughput=1658.1/s mem=0.44GiB patience=1/10
[epoch] stage=last_stage 008/50 train_loss=0.04716 train_MAE=0.0835 train_R2=0.6190 val_MAE=0.1771 val_RMSE=0.2119 val_R2=-0.0902 val_r=0.0977 throughput=1427.8/s mem=0.44GiB patience=2/10
[epoch] stage=last_stage 009/50 train_loss=0.02624 train_MAE=0.0250 train_R2=0.9692 val_MAE=0.1546 val_RMSE=0.1851 val_R2=0.1677 val_r=0.4450 throughput=1185.3/s mem=0.44GiB patience=1/10
[epoch] stage=last_stage 009/50 train_loss=0.04592 train_MAE=0.0824 train_R2=0.6222 val_MAE=0.1820 val_RMSE=0.2176 val_R2=-0.1500 val_r=0.0288 throughput=1465.2/s mem=0.44GiB patience=3/10
[epoch] stage=last_stage 010/50 train_loss=0.02511 train_MAE=0.0232 train_R2=0.9742 val_MAE=0.1528 val_RMSE=0.1846 val_R2=0.1723 val_r=0.4605 throughput=1027.4/s mem=0.44GiB patience=2/10
[epoch] stage=last_stage 010/50 train_loss=0.04547 train_MAE=0.0833 train_R2=0.6111 val_MAE=0.1841 val_RMSE=0.2212 val_R2=-0.1878 val_r=0.0415 throughput=1454.0/s mem=0.44GiB patience=4/10
[epoch] stage=last_stage 011/50 train_loss=0.04396 train_MAE=0.0828 train_R2=0.6191 val_MAE=0.1796 val_RMSE=0.2169 val_R2=-0.1429 val_r=0.0822 throughput=1460.9/s mem=0.44GiB patience=5/10
[epoch] stage=last_stage 011/50 train_loss=0.02314 train_MAE=0.0234 train_R2=0.9741 val_MAE=0.1519 val_RMSE=0.1812 val_R2=0.2024 val_r=0.4871 throughput=923.1/s mem=0.44GiB patience=3/10
[epoch] stage=last_stage 012/50 train_loss=0.04361 train_MAE=0.0826 train_R2=0.6202 val_MAE=0.1844 val_RMSE=0.2174 val_R2=-0.1482 val_r=0.0628 throughput=1336.5/s mem=0.44GiB patience=6/10
[epoch] stage=last_stage 012/50 train_loss=0.02157 train_MAE=0.0204 train_R2=0.9789 val_MAE=0.1533 val_RMSE=0.1832 val_R2=0.1847 val_r=0.4388 throughput=1042.2/s mem=0.44GiB patience=4/10
[epoch] stage=last_stage 013/50 train_loss=0.04356 train_MAE=0.0828 train_R2=0.6161 val_MAE=0.1824 val_RMSE=0.2177 val_R2=-0.1503 val_r=0.0642 throughput=1610.2/s mem=0.44GiB patience=7/10
[epoch] stage=last_stage 013/50 train_loss=0.02019 train_MAE=0.0194 train_R2=0.9829 val_MAE=0.1527 val_RMSE=0.1821 val_R2=0.1946 val_r=0.4677 throughput=1559.4/s mem=0.44GiB patience=5/10
[epoch] stage=last_stage 014/50 train_loss=0.04280 train_MAE=0.0828 train_R2=0.6203 val_MAE=0.1828 val_RMSE=0.2169 val_R2=-0.1421 val_r=0.0601 throughput=1619.9/s mem=0.44GiB patience=8/10
[epoch] stage=last_stage 014/50 train_loss=0.01966 train_MAE=0.0191 train_R2=0.9822 val_MAE=0.1536 val_RMSE=0.1839 val_R2=0.1789 val_r=0.4408 throughput=1534.3/s mem=0.44GiB patience=6/10
[epoch] stage=last_stage 015/50 train_loss=0.04226 train_MAE=0.0817 train_R2=0.6250 val_MAE=0.1801 val_RMSE=0.2128 val_R2=-0.0999 val_r=0.0803 throughput=1679.1/s mem=0.44GiB patience=9/10
[epoch] stage=last_stage 015/50 train_loss=0.01832 train_MAE=0.0184 train_R2=0.9845 val_MAE=0.1481 val_RMSE=0.1789 val_R2=0.2228 val_r=0.4812 throughput=1536.7/s mem=0.44GiB patience=0/10*
[epoch] stage=last_stage 016/50 train_loss=0.04143 train_MAE=0.0817 train_R2=0.6243 val_MAE=0.1814 val_RMSE=0.2155 val_R2=-0.1278 val_r=0.0741 throughput=1593.1/s mem=0.44GiB patience=10/10
[early-stop] stage=last_stage
[job-complete] mode=pre_only selected=head test_MAE=0.1785 test_R2=-0.3774 test_r=-0.1219
[epoch] stage=last_stage 016/50 train_loss=0.01785 train_MAE=0.0167 train_R2=0.9872 val_MAE=0.1518 val_RMSE=0.1809 val_R2=0.2057 val_r=0.4857 throughput=1589.8/s mem=0.44GiB patience=1/10
[epoch] stage=last_stage 017/50 train_loss=0.01726 train_MAE=0.0167 train_R2=0.9872 val_MAE=0.1502 val_RMSE=0.1814 val_R2=0.2013 val_r=0.4846 throughput=1636.9/s mem=0.44GiB patience=2/10
[epoch] stage=last_stage 018/50 train_loss=0.01645 train_MAE=0.0147 train_R2=0.9894 val_MAE=0.1484 val_RMSE=0.1788 val_R2=0.2236 val_r=0.4827 throughput=1633.9/s mem=0.44GiB patience=3/10
[epoch] stage=last_stage 019/50 train_loss=0.01570 train_MAE=0.0166 train_R2=0.9881 val_MAE=0.1497 val_RMSE=0.1802 val_R2=0.2112 val_r=0.4672 throughput=1576.3/s mem=0.44GiB patience=4/10
[epoch] stage=last_stage 020/50 train_loss=0.01523 train_MAE=0.0153 train_R2=0.9891 val_MAE=0.1486 val_RMSE=0.1786 val_R2=0.2255 val_r=0.4988 throughput=1565.0/s mem=0.44GiB patience=5/10
[epoch] stage=last_stage 021/50 train_loss=0.01538 train_MAE=0.0146 train_R2=0.9901 val_MAE=0.1531 val_RMSE=0.1827 val_R2=0.1896 val_r=0.4734 throughput=1604.4/s mem=0.44GiB patience=6/10
[epoch] stage=last_stage 022/50 train_loss=0.01452 train_MAE=0.0167 train_R2=0.9878 val_MAE=0.1536 val_RMSE=0.1820 val_R2=0.1954 val_r=0.4860 throughput=1044.0/s mem=0.44GiB patience=7/10
[epoch] stage=last_stage 023/50 train_loss=0.01455 train_MAE=0.0152 train_R2=0.9901 val_MAE=0.1497 val_RMSE=0.1801 val_R2=0.2123 val_r=0.4850 throughput=983.3/s mem=0.44GiB patience=8/10
[epoch] stage=last_stage 024/50 train_loss=0.01354 train_MAE=0.0144 train_R2=0.9909 val_MAE=0.1496 val_RMSE=0.1780 val_R2=0.2310 val_r=0.5050 throughput=1189.3/s mem=0.44GiB patience=9/10
[epoch] stage=last_stage 025/50 train_loss=0.01313 train_MAE=0.0123 train_R2=0.9929 val_MAE=0.1490 val_RMSE=0.1777 val_R2=0.2331 val_r=0.4932 throughput=1228.6/s mem=0.44GiB patience=10/10
[early-stop] stage=last_stage
[job-complete] mode=post_only selected=last_stage test_MAE=0.1309 test_R2=0.1856 test_r=0.4736
[comparison-complete] table=/root/autodl-tmp/HealthMirrorDataProcess/study/exp5_face_pair_recovery/outputs/ablation_comparison.csv figure=/root/autodl-tmp/HealthMirrorDataProcess/study/exp5_face_pair_recovery/outputs/figures/ablation_paired_vs_single_input.png
[ablations-complete] both runs and comparison figure generated
